<?xml version="1.0" encoding="utf-8"?><testsuites><testsuite name="pytest" errors="0" failures="0" skipped="0" tests="2" time="26.603" timestamp="2024-01-14T17:03:42.823949" hostname="IGSKCICGLTGM081"><testcase classname="tests.gmprocess.bin.cwb_gather_test" name="test_cwb_gather" time="5.077" /><testcase classname="tests.gmprocess.bin.gmconvert_test" name="test_gmconvert" time="4.829" /><testcase time="0.000" /></testsuite></testsuites>